// Vitest Snapshot v1, https://vitest.dev/guide/snapshot.html

exports[`generate (cjs) basic generates the documentation 1`] = `
"# eslint-plugin-test

<!-- begin auto-generated rules list -->

| Name                           | Description   |
| :----------------------------- | :------------ |
| [no-foo](docs/rules/no-foo.md) | disallow foo. |

<!-- end auto-generated rules list -->
"
`;

exports[`generate (cjs) basic generates the documentation 2`] = `
"# Disallow foo (\`test/no-foo\`)

<!-- end auto-generated rule header -->
"
`;

exports[`generate (cjs) config that extends another config generates the documentation 1`] = `
"# eslint-plugin-test

## Rules

<!-- begin auto-generated rules list -->

ðŸ’¼ Configurations enabled in.\\
âœ… Set in the \`recommended\` configuration.

| Name                           | Description            | ðŸ’¼ |
| :----------------------------- | :--------------------- | :- |
| [no-bar](docs/rules/no-bar.md) | Description of no-bar. | âœ…  |
| [no-baz](docs/rules/no-baz.md) | Description of no-baz. | âœ…  |
| [no-biz](docs/rules/no-biz.md) | Description of no-biz. | âœ…  |
| [no-foo](docs/rules/no-foo.md) | Description of no-foo. | âœ…  |

<!-- end auto-generated rules list -->
"
`;

exports[`generate (cjs) config that extends another config generates the documentation 2`] = `
"# Description of no-foo (\`test/no-foo\`)

ðŸ’¼ This rule is enabled in the âœ… \`recommended\` config.

<!-- end auto-generated rule header -->
"
`;

exports[`generate (cjs) config that extends another config generates the documentation 3`] = `
"# Description of no-bar (\`test/no-bar\`)

ðŸ’¼ This rule is enabled in the âœ… \`recommended\` config.

<!-- end auto-generated rule header -->
"
`;

exports[`generate (cjs) config that extends another config generates the documentation 4`] = `
"# Description of no-baz (\`test/no-baz\`)

ðŸ’¼ This rule is enabled in the âœ… \`recommended\` config.

<!-- end auto-generated rule header -->
"
`;

exports[`generate (cjs) config that extends another config generates the documentation 5`] = `
"# Description of no-biz (\`test/no-biz\`)

ðŸ’¼ This rule is enabled in the âœ… \`recommended\` config.

<!-- end auto-generated rule header -->
"
`;
