// Jest Snapshot v1, https://goo.gl/fbAQLP

exports[`generate (--config-format) name uses the right format 1`] = `
"## Rules
<!-- begin auto-generated rules list -->

ðŸ’¼ Configurations enabled in.\\
âœ… Set in the \`recommended\` configuration.

| Name                           | Description             | ðŸ’¼ |
| :----------------------------- | :---------------------- | :- |
| [no-foo](docs/rules/no-foo.md) | Description for no-foo. | âœ…  |

<!-- end auto-generated rules list -->
"
`;

exports[`generate (--config-format) name uses the right format 2`] = `
"# Description for no-foo (\`test/no-foo\`)

ðŸ’¼ This rule is enabled in the âœ… \`recommended\` config.

<!-- end auto-generated rule header -->
"
`;

exports[`generate (--config-format) plugin-colon-prefix-name uses the right format 1`] = `
"## Rules
<!-- begin auto-generated rules list -->

ðŸ’¼ Configurations enabled in.\\
âœ… Set in the \`plugin:test/recommended\` configuration.

| Name                           | Description             | ðŸ’¼ |
| :----------------------------- | :---------------------- | :- |
| [no-foo](docs/rules/no-foo.md) | Description for no-foo. | âœ…  |

<!-- end auto-generated rules list -->
"
`;

exports[`generate (--config-format) plugin-colon-prefix-name uses the right format 2`] = `
"# Description for no-foo (\`test/no-foo\`)

ðŸ’¼ This rule is enabled in the âœ… \`plugin:test/recommended\` config.

<!-- end auto-generated rule header -->
"
`;

exports[`generate (--config-format) prefix-name uses the right format 1`] = `
"## Rules
<!-- begin auto-generated rules list -->

ðŸ’¼ Configurations enabled in.\\
âœ… Set in the \`test/recommended\` configuration.

| Name                           | Description             | ðŸ’¼ |
| :----------------------------- | :---------------------- | :- |
| [no-foo](docs/rules/no-foo.md) | Description for no-foo. | âœ…  |

<!-- end auto-generated rules list -->
"
`;

exports[`generate (--config-format) prefix-name uses the right format 2`] = `
"# Description for no-foo (\`test/no-foo\`)

ðŸ’¼ This rule is enabled in the âœ… \`test/recommended\` config.

<!-- end auto-generated rule header -->
"
`;
