// Jest Snapshot v1, https://goo.gl/fbAQLP

exports[`generate (--check) basic prints the issues, exits with failure, and does not write changes 1`] = `
[
  "[32m- Expected[39m
[31m+ Received[39m

[32m- # Description for no-foo (\`no-foo\`)[39m
[32m-[39m
[32m- <!-- end auto-generated rule header -->[39m
[32m-[39m
[31m+ # test/no-foo[39m",
]
`;

exports[`generate (--check) basic prints the issues, exits with failure, and does not write changes 2`] = `
[
  "[32m- Expected[39m
[31m+ Received[39m

[2m  ## Rules[22m
[32m- <!-- begin auto-generated rules list -->[39m
[32m-[39m
[32m- | Name                           | Description             |[39m
[32m- | :----------------------------- | :---------------------- |[39m
[32m- | [no-foo](docs/rules/no-foo.md) | Description for no-foo. |[39m
[32m-[39m
[32m- <!-- end auto-generated rules list -->[39m
",
]
`;

exports[`generate (--check) basic prints the issues, exits with failure, and does not write changes 3`] = `
"## Rules
"
`;

exports[`generate (--check) basic prints the issues, exits with failure, and does not write changes 4`] = `"# test/no-foo"`;
