// Jest Snapshot v1, https://goo.gl/fbAQLP

exports[`generate (postprocess option) basic calls the postprocessor 1`] = `
"## Rules
<!-- begin auto-generated rules list -->

| Name                           |
| :----------------------------- |
| [no-foo](docs/rules/no-foo.md) |

<!-- end auto-generated rules list -->


Located at README.md"
`;

exports[`generate (postprocess option) basic calls the postprocessor 2`] = `
"# test/no-foo

<!-- end auto-generated rule header -->


Located at docs/rules/no-foo.md"
`;
