// Vitest Snapshot v1, https://vitest.dev/guide/snapshot.html

exports[`generate (--url-configs) basic includes the config link 1`] = `
"## Rules
<!-- begin auto-generated rules list -->

ðŸ’¼ [Configurations](https://example.com/configs) enabled in.\\
âœ… Set in the \`recommended\` [configuration](https://example.com/configs).

| Name                           | Description             | ðŸ’¼                      |
| :----------------------------- | :---------------------- | :---------------------- |
| [no-bar](docs/rules/no-bar.md) | Description for no-bar. | ![badge-customConfig][] |
| [no-foo](docs/rules/no-foo.md) | Description for no-foo. | âœ…                       |

<!-- end auto-generated rules list -->
"
`;

exports[`generate (--url-configs) basic includes the config link 2`] = `
"# Description for no-foo (\`test/no-foo\`)

ðŸ’¼ This rule is enabled in the âœ… \`recommended\` [config](https://example.com/configs).

<!-- end auto-generated rule header -->
"
`;

exports[`generate (--url-configs) basic includes the config link 3`] = `
"# Description for no-bar (\`test/no-bar\`)

ðŸ’¼ This rule is enabled in the \`customConfig\` [config](https://example.com/configs).

<!-- end auto-generated rule header -->
"
`;

exports[`generate (--url-configs) with only recommended config includes the config link 1`] = `
"## Rules
<!-- begin auto-generated rules list -->

ðŸ’¼ [Configurations](https://example.com/configs) enabled in.\\
âœ… Set in the \`recommended\` [configuration](https://example.com/configs).

| Name                           | Description             | ðŸ’¼ |
| :----------------------------- | :---------------------- | :- |
| [no-foo](docs/rules/no-foo.md) | Description for no-foo. | âœ…  |

<!-- end auto-generated rules list -->
"
`;

exports[`generate (--url-configs) with only recommended config includes the config link 2`] = `
"# Description for no-foo (\`test/no-foo\`)

ðŸ’¼ This rule is enabled in the âœ… \`recommended\` [config](https://example.com/configs).

<!-- end auto-generated rule header -->
"
`;
