// Jest Snapshot v1, https://goo.gl/fbAQLP

exports[`generate (--config-emoji) basic shows the correct emojis 1`] = `
"## Rules
<!-- begin auto-generated rules list -->

ðŸ’¼ Configurations enabled in.\\
ðŸ”¥ Set in the \`recommended\` configuration.\\
ðŸŽ¨ Set in the \`stylistic\` configuration.

| Name                           | Description             | ðŸ’¼                               |
| :----------------------------- | :---------------------- | :------------------------------- |
| [no-bar](docs/rules/no-bar.md) | Description for no-bar. | ðŸ”¥ ðŸŽ¨                            |
| [no-baz](docs/rules/no-baz.md) | Description for no-boz. | ðŸŽ¨ ![badge-configWithoutEmoji][] |
| [no-foo](docs/rules/no-foo.md) | Description for no-foo. | ðŸ”¥                               |

<!-- end auto-generated rules list -->
"
`;

exports[`generate (--config-emoji) basic shows the correct emojis 2`] = `
"# Description for no-foo (\`test/no-foo\`)

ðŸ’¼ This rule is enabled in the ðŸ”¥ \`recommended\` config.

<!-- end auto-generated rule header -->
"
`;

exports[`generate (--config-emoji) basic shows the correct emojis 3`] = `
"# Description for no-bar (\`test/no-bar\`)

ðŸ’¼ This rule is enabled in the following configs: ðŸ”¥ \`recommended\`, ðŸŽ¨ \`stylistic\`.

<!-- end auto-generated rule header -->
"
`;

exports[`generate (--config-emoji) basic shows the correct emojis 4`] = `
"# Description for no-boz (\`test/no-baz\`)

ðŸ’¼ This rule is enabled in the following configs: \`configWithoutEmoji\`, ðŸŽ¨ \`stylistic\`.

<!-- end auto-generated rule header -->
"
`;

exports[`generate (--config-emoji) removing default emoji for a config reverts to using a badge for the config 1`] = `
"## Rules
<!-- begin auto-generated rules list -->

ðŸ’¼ Configurations enabled in.

| Name                           | Description             | ðŸ’¼                     |
| :----------------------------- | :---------------------- | :--------------------- |
| [no-foo](docs/rules/no-foo.md) | Description for no-foo. | ![badge-recommended][] |

<!-- end auto-generated rules list -->
"
`;

exports[`generate (--config-emoji) removing default emoji for a config reverts to using a badge for the config 2`] = `
"# Description for no-foo (\`test/no-foo\`)

ðŸ’¼ This rule is enabled in the \`recommended\` config.

<!-- end auto-generated rule header -->
"
`;

exports[`generate (--config-emoji) rule with emoji and badge configs sorts emojis before badges 1`] = `
"## Rules
<!-- begin auto-generated rules list -->

ðŸ’¼ Configurations enabled in.\\
ðŸŽ¨ Set in the \`bar\` configuration.\\
ðŸ”¥ Set in the \`foo\` configuration.

| Name                           | Description             | ðŸ’¼                   |
| :----------------------------- | :---------------------- | :------------------- |
| [no-foo](docs/rules/no-foo.md) | Description for no-foo. | ðŸŽ¨ ðŸ”¥ ![badge-baz][] |

<!-- end auto-generated rules list -->
"
`;

exports[`generate (--config-emoji) rule with emoji and badge configs sorts emojis before badges 2`] = `
"# Description for no-foo (\`test/no-foo\`)

ðŸ’¼ This rule is enabled in the following configs: ðŸŽ¨ \`bar\`, \`baz\`, ðŸ”¥ \`foo\`.

<!-- end auto-generated rule header -->
"
`;

exports[`generate (--config-emoji) with one config that does not have emoji shows the default config emoji 1`] = `
"## Rules
<!-- begin auto-generated rules list -->

ðŸ’¼ Configurations enabled in.

| Name                           | Description             | ðŸ’¼                            |
| :----------------------------- | :---------------------- | :---------------------------- |
| [no-foo](docs/rules/no-foo.md) | Description for no-foo. | ![badge-configWithoutEmoji][] |

<!-- end auto-generated rules list -->
"
`;

exports[`generate (--config-emoji) with one config that does not have emoji shows the default config emoji 2`] = `
"# Description for no-foo (\`test/no-foo\`)

ðŸ’¼ This rule is enabled in the \`configWithoutEmoji\` config.

<!-- end auto-generated rule header -->
"
`;
