// Jest Snapshot v1, https://goo.gl/fbAQLP

exports[`generate (--rule-list-columns) basic shows the right columns and legend 1`] = `
"## Rules
<!-- begin auto-generated rules list -->

💡 Manually fixable by [editor suggestions](https://eslint.org/docs/latest/use/core-concepts#rule-suggestions).\\
🔧 Automatically fixable by the [\`--fix\` CLI option](https://eslint.org/docs/user-guide/command-line-interface#--fix).

| 💡 | 🔧 | Name                           |
| :- | :- | :----------------------------- |
| 💡 | 🔧 | [no-foo](docs/rules/no-foo.md) |

<!-- end auto-generated rules list -->
"
`;

exports[`generate (--rule-list-columns) basic shows the right columns and legend 2`] = `
"# Description for no-foo (\`test/no-foo\`)

❌ This rule is deprecated.

🔧💡 This rule is automatically fixable by the [\`--fix\` CLI option](https://eslint.org/docs/latest/user-guide/command-line-interface#--fix) and manually fixable by [editor suggestions](https://eslint.org/docs/latest/use/core-concepts#rule-suggestions).

<!-- end auto-generated rule header -->
"
`;

exports[`generate (--rule-list-columns) consolidated fixableAndHasSuggestions column shows the right columns and legend 1`] = `
"## Rules
<!-- begin auto-generated rules list -->

🔧 Automatically fixable by the [\`--fix\` CLI option](https://eslint.org/docs/user-guide/command-line-interface#--fix).\\
💡 Manually fixable by [editor suggestions](https://eslint.org/docs/latest/use/core-concepts#rule-suggestions).

| Name                           | 🔧💡 |
| :----------------------------- | :--- |
| [no-bar](docs/rules/no-bar.md) | 🔧   |
| [no-baz](docs/rules/no-baz.md) |      |
| [no-foo](docs/rules/no-foo.md) | 🔧💡 |

<!-- end auto-generated rules list -->
"
`;

exports[`generate (--rule-list-columns) shows column and notice for requiresTypeChecking updates the documentation 1`] = `
"<!-- begin auto-generated rules list -->

💼 Configurations enabled in.\\
🌐 Set in the \`all\` configuration.\\
💭 Requires type information.

| Name                           | Description            | 💼 | 💭 |
| :----------------------------- | :--------------------- | :- | :- |
| [no-bar](docs/rules/no-bar.md) | Description of no-bar. |    | 💭 |
| [no-foo](docs/rules/no-foo.md) | Description of no-foo. | 🌐 |    |

<!-- end auto-generated rules list -->"
`;

exports[`generate (--rule-list-columns) shows column and notice for requiresTypeChecking updates the documentation 2`] = `
"# Description of no-foo (\`test/no-foo\`)

💼 This rule is enabled in the 🌐 \`all\` config.

<!-- end auto-generated rule header -->
"
`;

exports[`generate (--rule-list-columns) shows column and notice for requiresTypeChecking updates the documentation 3`] = `
"# Description of no-bar (\`test/no-bar\`)

💭 This rule requires type information.

<!-- end auto-generated rule header -->
"
`;
