// Jest Snapshot v1, https://goo.gl/fbAQLP

exports[`generate (--rule-doc-notices) basic shows the right rule doc notices 1`] = `
"## Rules
<!-- begin auto-generated rules list -->

🔧 Automatically fixable by the [\`--fix\` CLI option](https://eslint.org/docs/user-guide/command-line-interface#--fix).\\
💡 Manually fixable by [editor suggestions](https://eslint.org/docs/developer-guide/working-with-rules#providing-suggestions).\\
❌ Deprecated.

| Name                           | Description             | 🔧 | 💡 | ❌  |
| :----------------------------- | :---------------------- | :- | :- | :- |
| [no-foo](docs/rules/no-foo.md) | Description for no-foo. | 🔧 | 💡 | ❌  |

<!-- end auto-generated rules list -->
"
`;

exports[`generate (--rule-doc-notices) basic shows the right rule doc notices 2`] = `
"# Description for no-foo (\`test/no-foo\`)

💡 This rule is manually fixable by [editor suggestions](https://eslint.org/docs/developer-guide/working-with-rules#providing-suggestions).

🔧 This rule is automatically fixable by the [\`--fix\` CLI option](https://eslint.org/docs/latest/user-guide/command-line-interface#--fix).

❌ This rule is deprecated.

Description for no-foo.

❗ This rule identifies problems that could cause errors or unexpected behavior.

<!-- end auto-generated rule header -->
"
`;
