// Jest Snapshot v1, https://goo.gl/fbAQLP

exports[`generate (rule options) rule with options, options column/notice enabled displays the column and notice 1`] = `
"## Rules
<!-- begin auto-generated rules list -->

⚙️ Has configuration options.

| Name                           | ⚙️ |
| :----------------------------- | :- |
| [no-bar](docs/rules/no-bar.md) | ⚙️ |
| [no-baz](docs/rules/no-baz.md) |    |
| [no-biz](docs/rules/no-biz.md) |    |
| [no-foo](docs/rules/no-foo.md) | ⚙️ |

<!-- end auto-generated rules list -->
"
`;

exports[`generate (rule options) rule with options, options column/notice enabled displays the column and notice 2`] = `
"# no-foo

⚙️ This rule is configurable.

<!-- end auto-generated rule header -->
## Options
"
`;

exports[`generate (rule options) rule with options, options column/notice enabled displays the column and notice 3`] = `
"# no-bar

⚙️ This rule is configurable.

<!-- end auto-generated rule header -->
## Options
"
`;

exports[`generate (rule options) rule with options, options column/notice enabled displays the column and notice 4`] = `
"# no-biz

<!-- end auto-generated rule header -->
"
`;

exports[`generate (rule options) rule with options, options column/notice enabled displays the column and notice 5`] = `
"# no-baz

<!-- end auto-generated rule header -->
"
`;
