// Jest Snapshot v1, https://goo.gl/fbAQLP

exports[`generate (rule type) rule with type, type column enabled displays the type 1`] = `
"## Rules
<!-- begin auto-generated rules list -->

üóÇÔ∏è The type of rule.\\
‚ùó Identifies problems that could cause errors or unexpected behavior.\\
üìñ Identifies potential improvements.\\
üìè Focuses on code formatting.

| Name                           | üóÇÔ∏è |
| :----------------------------- | :-- |
| [no-bar](docs/rules/no-bar.md) | üìñ  |
| [no-biz](docs/rules/no-biz.md) | üìè  |
| [no-boz](docs/rules/no-boz.md) |     |
| [no-buz](docs/rules/no-buz.md) |     |
| [no-foo](docs/rules/no-foo.md) | ‚ùó   |

<!-- end auto-generated rules list -->
"
`;

exports[`generate (rule type) rule with type, type column enabled displays the type 2`] = `
"# no-foo

<!-- end auto-generated rule header -->
"
`;

exports[`generate (rule type) rule with type, type column enabled displays the type 3`] = `
"# no-bar

<!-- end auto-generated rule header -->
"
`;

exports[`generate (rule type) rule with type, type column enabled displays the type 4`] = `
"# no-biz

<!-- end auto-generated rule header -->
"
`;

exports[`generate (rule type) rule with type, type column enabled displays the type 5`] = `
"# no-boz

<!-- end auto-generated rule header -->
"
`;

exports[`generate (rule type) rule with type, type column enabled displays the type 6`] = `
"# no-buz

<!-- end auto-generated rule header -->
"
`;

exports[`generate (rule type) rule with type, type column enabled, but only an unknown type hides the type column and notice 1`] = `
"## Rules
<!-- begin auto-generated rules list -->

| Name                           |
| :----------------------------- |
| [no-foo](docs/rules/no-foo.md) |

<!-- end auto-generated rules list -->
"
`;

exports[`generate (rule type) rule with type, type column enabled, but only an unknown type hides the type column and notice 2`] = `
"# no-foo

<!-- end auto-generated rule header -->
"
`;

exports[`generate (rule type) rule with type, type column not enabled hides the type column 1`] = `
"## Rules
<!-- begin auto-generated rules list -->

| Name                           |
| :----------------------------- |
| [no-foo](docs/rules/no-foo.md) |

<!-- end auto-generated rules list -->
"
`;

exports[`generate (rule type) rule with type, type column not enabled hides the type column 2`] = `
"# no-foo

<!-- end auto-generated rule header -->
"
`;
