// Jest Snapshot v1, https://goo.gl/fbAQLP

exports[`generate (rule metadata) deprecated function-style rule generates the documentation 1`] = `
"## Rules
<!-- begin auto-generated rules list -->

💼 Configurations enabled in.\\
✅ Set in the \`recommended\` configuration.

| Name                           | 💼 |
| :----------------------------- | :- |
| [no-foo](docs/rules/no-foo.md) | ✅  |

<!-- end auto-generated rules list -->
"
`;

exports[`generate (rule metadata) deprecated function-style rule generates the documentation 2`] = `
"# test/no-foo

<!-- end auto-generated rule header -->
"
`;

exports[`generate (rule metadata) deprecated function-style rule with deprecated/schema properties generates the documentation 1`] = `
"## Rules
<!-- begin auto-generated rules list -->

❌ Deprecated.\\
⚙️ Has configuration options.

| Name                           | ❌  | ⚙️ |
| :----------------------------- | :- | :- |
| [no-foo](docs/rules/no-foo.md) | ❌  | ⚙️ |

<!-- end auto-generated rules list -->
"
`;

exports[`generate (rule metadata) deprecated function-style rule with deprecated/schema properties generates the documentation 2`] = `
"# test/no-foo

<!-- end auto-generated rule header -->
## Options
optionToDoSomething"
`;

exports[`generate (rule metadata) rule with no meta object generates the documentation 1`] = `
"## Rules
<!-- begin auto-generated rules list -->

💼 Configurations enabled in.\\
✅ Set in the \`recommended\` configuration.

| Name                           | 💼 |
| :----------------------------- | :- |
| [no-foo](docs/rules/no-foo.md) | ✅  |

<!-- end auto-generated rules list -->
"
`;

exports[`generate (rule metadata) rule with no meta object generates the documentation 2`] = `
"# test/no-foo

💼 This rule is enabled in the ✅ \`recommended\` config.

<!-- end auto-generated rule header -->
"
`;
